[2m2026-08-31T12:20:44.879226Z[0m [32m INFO[0m [2mcargo_tarpaulin::config[0m[2m:[0m Creating config
[2m2026-08-31T12:20:45.181999Z[0m [32m INFO[0m [2mcargo_tarpaulin[0m[2m:[0m Running Tarpaulin
[2m2026-08-31T12:20:45.182011Z[0m [32m INFO[0m [2mcargo_tarpaulin[0m[2m:[0m Building project
[2m2026-08-31T12:20:45.207599Z[0m [32m INFO[0m [2mcargo_tarpaulin::cargo[0m[2m:[0m Cleaning project
   Compiling proc-macro2 v1.0.106
   Compiling quote v1.0.45
   Compiling unicode-ident v1.0.24
   Compiling cfg-if v1.0.4
   Compiling libc v0.2.185
   Compiling zeroize v1.8.2
   Compiling version_check v0.9.5
   Compiling smallvec v1.15.1
   Compiling subtle v2.6.1
   Compiling itoa v1.0.18
   Compiling memchr v2.8.0
   Compiling bytes v1.11.1
   Compiling typenum v1.19.0
   Compiling pin-project-lite v0.2.17
   Compiling once_cell v1.21.4
   Compiling log v0.4.29
   Compiling parking_lot_core v0.9.12
   Compiling futures-core v0.3.32
   Compiling scopeguard v1.2.0
   Compiling const-oid v0.9.6
   Compiling serde_core v1.0.228
   Compiling hashbrown v0.17.0
   Compiling shlex v1.3.0
   Compiling equivalent v1.0.2
   Compiling futures-sink v0.3.32
   Compiling find-msvc-tools v0.1.9
   Compiling slab v0.4.12
   Compiling zerocopy v0.8.48
   Compiling serde v1.0.228
   Compiling httparse v1.10.1
   Compiling futures-io v0.3.32
   Compiling futures-task v0.3.32
   Compiling bitflags v2.11.1
   Compiling lock_api v0.4.14
   Compiling stable_deref_trait v1.2.1
   Compiling anyhow v1.0.103
   Compiling tracing-core v0.1.36
   Compiling cc v1.2.60
   Compiling getrandom v0.3.4
   Compiling rustls-pki-types v1.14.0
   Compiling tower-service v0.3.3
   Compiling base64ct v1.8.3
   Compiling cpufeatures v0.2.17
   Compiling thiserror v2.0.18
   Compiling untrusted v0.9.0
   Compiling either v1.15.0
   Compiling linux-raw-sys v0.12.1
   Compiling getrandom v0.4.2
   Compiling percent-encoding v2.3.2
   Compiling fnv v1.0.7
   Compiling try-lock v0.2.5
   Compiling rustls v0.23.38
   Compiling atomic-waker v1.1.2
   Compiling zmij v1.0.21
   Compiling base64 v0.22.1
   Compiling want v0.3.1
   Compiling futures-channel v0.3.32
   Compiling litemap v0.8.2
   Compiling httpdate v1.0.3
   Compiling serde_json v1.0.149
   Compiling itertools v0.14.0
   Compiling writeable v0.6.3
   Compiling generic-array v0.14.9
   Compiling pem-rfc7468 v0.7.0
   Compiling tower-layer v0.3.3
   Compiling sync_wrapper v1.0.2
   Compiling data-encoding v2.11.0
   Compiling pulldown-cmark v0.13.3
   Compiling utf8_iter v1.0.4
   Compiling der v0.7.10
   Compiling icu_normalizer_data v2.2.0
   Compiling http v1.4.0
   Compiling ipnet v2.12.0
   Compiling rustix v1.1.4
   Compiling icu_properties_data v2.2.0
   Compiling prettyplease v0.2.37
   Compiling form_urlencoded v1.2.2
   Compiling heck v0.5.0
   Compiling fastrand v2.4.1
   Compiling foldhash v0.1.5
   Compiling autocfg v1.5.0
   Compiling ryu v1.0.23
   Compiling indexmap v2.14.0
   Compiling unicase v2.9.0
   Compiling regex-syntax v0.8.10
   Compiling hashbrown v0.15.5
   Compiling multer v3.1.0
   Compiling mime v0.3.17
   Compiling fixedbitset v0.5.7
   Compiling base16ct v0.2.0
   Compiling powerfmt v0.2.0
   Compiling syn v2.0.117
   Compiling deranged v0.5.8
   Compiling encoding_rs v0.8.35
   Compiling windows_x86_64_gnu v0.52.6
   Compiling multimap v0.10.1
   Compiling crossbeam-utils v0.8.21
   Compiling spin v0.9.8
   Compiling num-conv v0.2.1
   Compiling time-core v0.1.8
   Compiling openssl-probe v0.2.1
   Compiling getrandom v0.2.17
   Compiling errno v0.3.14
   Compiling mio v1.2.0
   Compiling socket2 v0.6.3
   Compiling http-body v1.0.1
   Compiling signal-hook-registry v1.4.8
